Executing action: all (aliases: build)
Running ninja in directory <repo>/build/sensor
Executing "ninja all"...
[0/1] Re-running CMake...
-- Building ESP-IDF components for target esp32s3
-- Project sdkconfig file <repo>/build/sdkconfig.sensor
Loading defaults file <repo>/build/sdkconfig.defaults.sensor...
-- Compiler supported targets: xtensa-esp-elf
-- USING O3
-- App "eventguard" version: cd91fc0-dirty
-- Adding linker script <repo>/build/sensor/esp-idf/esp_system/ld/memory.ld
-- Adding linker script <repo>/build/sensor/esp-idf/esp_system/ld/sections.ld.in
-- Adding linker script <esp-idf>/components/esp_rom/esp32s3/ld/esp32s3.rom.ld
-- Adding linker script <esp-idf>/components/esp_rom/esp32s3/ld/esp32s3.rom.api.ld
-- Adding linker script <esp-idf>/components/esp_rom/esp32s3/ld/esp32s3.rom.bt_funcs.ld
-- Adding linker script <esp-idf>/components/esp_rom/esp32s3/ld/esp32s3.rom.libgcc.ld
-- Adding linker script <esp-idf>/components/esp_rom/esp32s3/ld/esp32s3.rom.wdt.ld
-- Adding linker script <esp-idf>/components/esp_rom/esp32s3/ld/esp32s3.rom.version.ld
-- Adding linker script <esp-idf>/components/esp_rom/esp32s3/ld/esp32s3.rom.ble_master.ld
-- Adding linker script <esp-idf>/components/esp_rom/esp32s3/ld/esp32s3.rom.ble_50.ld
-- Adding linker script <esp-idf>/components/esp_rom/esp32s3/ld/esp32s3.rom.ble_smp.ld
-- Adding linker script <esp-idf>/components/esp_rom/esp32s3/ld/esp32s3.rom.ble_dtm.ld
-- Adding linker script <esp-idf>/components/esp_rom/esp32s3/ld/esp32s3.rom.ble_test.ld
-- Adding linker script <esp-idf>/components/esp_rom/esp32s3/ld/esp32s3.rom.ble_scan.ld
-- Adding linker script <esp-idf>/components/esp_rom/esp32s3/ld/esp32s3.rom.newlib.ld
-- Adding linker script <esp-idf>/components/soc/esp32s3/ld/esp32s3.peripherals.ld
-- Components: app_trace app_update bootloader bootloader_support bt cmock common console cxx driver efuse esp-tls esp_adc esp_app_format esp_bootloader_format esp_coex esp_common esp_driver_ana_cmpr esp_driver_cam esp_driver_dac esp_driver_gpio esp_driver_gptimer esp_driver_i2c esp_driver_i2s esp_driver_isp esp_driver_jpeg esp_driver_ledc esp_driver_mcpwm esp_driver_parlio esp_driver_pcnt esp_driver_ppa esp_driver_rmt esp_driver_sdio esp_driver_sdm esp_driver_sdmmc esp_driver_sdspi esp_driver_spi esp_driver_touch_sens esp_driver_tsens esp_driver_uart esp_driver_usb_serial_jtag esp_eth esp_event esp_gdbstub esp_hal_ieee802154 esp_hid esp_http_client esp_http_server esp_https_ota esp_https_server esp_hw_support esp_lcd esp_local_ctrl esp_mm esp_netif esp_netif_stack esp_partition esp_phy esp_pm esp_psram esp_ringbuf esp_rom esp_security esp_system esp_timer esp_vfs_console esp_wifi espcoredump esptool_py fatfs freertos hal heap http_parser idf_test ieee802154 json log lwip main mbedtls mqtt newlib nvs_flash nvs_sec_provider openthread partition_table perfmon protobuf-c protocomm pthread rt sdmmc soc spi_flash spiffs tcp_transport touch_element ulp unity usb vfs wear_levelling wifi_provisioning wpa_supplicant xtensa
-- Component paths: <esp-idf>/components/app_trace <esp-idf>/components/app_update <esp-idf>/components/bootloader <esp-idf>/components/bootloader_support <esp-idf>/components/bt <esp-idf>/components/cmock <repo>/firmware/common <esp-idf>/components/console <esp-idf>/components/cxx <esp-idf>/components/driver <esp-idf>/components/efuse <esp-idf>/components/esp-tls <esp-idf>/components/esp_adc <esp-idf>/components/esp_app_format <esp-idf>/components/esp_bootloader_format <esp-idf>/components/esp_coex <esp-idf>/components/esp_common <esp-idf>/components/esp_driver_ana_cmpr <esp-idf>/components/esp_driver_cam <esp-idf>/components/esp_driver_dac <esp-idf>/components/esp_driver_gpio <esp-idf>/components/esp_driver_gptimer <esp-idf>/components/esp_driver_i2c <esp-idf>/components/esp_driver_i2s <esp-idf>/components/esp_driver_isp <esp-idf>/components/esp_driver_jpeg <esp-idf>/components/esp_driver_ledc <esp-idf>/components/esp_driver_mcpwm <esp-idf>/components/esp_driver_parlio <esp-idf>/components/esp_driver_pcnt <esp-idf>/components/esp_driver_ppa <esp-idf>/components/esp_driver_rmt <esp-idf>/components/esp_driver_sdio <esp-idf>/components/esp_driver_sdm <esp-idf>/components/esp_driver_sdmmc <esp-idf>/components/esp_driver_sdspi <esp-idf>/components/esp_driver_spi <esp-idf>/components/esp_driver_touch_sens <esp-idf>/components/esp_driver_tsens <esp-idf>/components/esp_driver_uart <esp-idf>/components/esp_driver_usb_serial_jtag <esp-idf>/components/esp_eth <esp-idf>/components/esp_event <esp-idf>/components/esp_gdbstub <esp-idf>/components/esp_hal_ieee802154 <esp-idf>/components/esp_hid <esp-idf>/components/esp_http_client <esp-idf>/components/esp_http_server <esp-idf>/components/esp_https_ota <esp-idf>/components/esp_https_server <esp-idf>/components/esp_hw_support <esp-idf>/components/esp_lcd <esp-idf>/components/esp_local_ctrl <esp-idf>/components/esp_mm <esp-idf>/components/esp_netif <esp-idf>/components/esp_netif_stack <esp-idf>/components/esp_partition <esp-idf>/components/esp_phy <esp-idf>/components/esp_pm <esp-idf>/components/esp_psram <esp-idf>/components/esp_ringbuf <esp-idf>/components/esp_rom <esp-idf>/components/esp_security <esp-idf>/components/esp_system <esp-idf>/components/esp_timer <esp-idf>/components/esp_vfs_console <esp-idf>/components/esp_wifi <esp-idf>/components/espcoredump <esp-idf>/components/esptool_py <esp-idf>/components/fatfs <esp-idf>/components/freertos <esp-idf>/components/hal <esp-idf>/components/heap <esp-idf>/components/http_parser <esp-idf>/components/idf_test <esp-idf>/components/ieee802154 <esp-idf>/components/json <esp-idf>/components/log <esp-idf>/components/lwip <repo>/firmware/main <esp-idf>/components/mbedtls <esp-idf>/components/mqtt <esp-idf>/components/newlib <esp-idf>/components/nvs_flash <esp-idf>/components/nvs_sec_provider <esp-idf>/components/openthread <esp-idf>/components/partition_table <esp-idf>/components/perfmon <esp-idf>/components/protobuf-c <esp-idf>/components/protocomm <esp-idf>/components/pthread <esp-idf>/components/rt <esp-idf>/components/sdmmc <esp-idf>/components/soc <esp-idf>/components/spi_flash <esp-idf>/components/spiffs <esp-idf>/components/tcp_transport <esp-idf>/components/touch_element <esp-idf>/components/ulp <esp-idf>/components/unity <esp-idf>/components/usb <esp-idf>/components/vfs <esp-idf>/components/wear_levelling <esp-idf>/components/wifi_provisioning <esp-idf>/components/wpa_supplicant <esp-idf>/components/xtensa
-- Configuring done (3.4s)
-- Generating done (0.8s)
-- Build files have been written to: <repo>/build/sensor
[1/19] Building C object esp-idf/esp_app_format/CMakeFiles/__idf_esp_app_format.dir/esp_app_desc.c.obj
[2/19] Linking C static library esp-idf/esp_app_format/libesp_app_format.a
[3/19] Building C object esp-idf/common/CMakeFiles/__idf_common.dir/protocol.c.obj
[4/19] Building C object esp-idf/common/CMakeFiles/__idf_common.dir/importance.c.obj
[5/19] Building C object esp-idf/common/CMakeFiles/__idf_common.dir/faults.c.obj
[6/19] Building C object esp-idf/common/CMakeFiles/__idf_common.dir/strategy.c.obj
[7/19] Building C object esp-idf/common/CMakeFiles/__idf_common.dir/sensor_drivers.c.obj
[8/19] Building C object esp-idf/common/CMakeFiles/__idf_common.dir/e220.c.obj
[9/19] Linking C static library esp-idf/common/libcommon.a
[10/19] Building C object esp-idf/main/CMakeFiles/__idf_main.dir/main.c.obj
[11/19] Linking C static library esp-idf/main/libmain.a
[12/19] Performing build step for 'bootloader'
[0/1] Re-running CMake...
-- Building ESP-IDF components for target esp32s3
-- Project sdkconfig file <repo>/build/sdkconfig.sensor
-- Compiler supported targets: xtensa-esp-elf
-- Adding linker script <esp-idf>/components/soc/esp32s3/ld/esp32s3.peripherals.ld
-- Bootloader project name: "bootloader" version: 1
-- Adding linker script <esp-idf>/components/esp_rom/esp32s3/ld/esp32s3.rom.ld
-- Adding linker script <esp-idf>/components/esp_rom/esp32s3/ld/esp32s3.rom.api.ld
-- Adding linker script <esp-idf>/components/esp_rom/esp32s3/ld/esp32s3.rom.bt_funcs.ld
-- Adding linker script <esp-idf>/components/esp_rom/esp32s3/ld/esp32s3.rom.libgcc.ld
-- Adding linker script <esp-idf>/components/esp_rom/esp32s3/ld/esp32s3.rom.wdt.ld
-- Adding linker script <esp-idf>/components/esp_rom/esp32s3/ld/esp32s3.rom.version.ld
-- Adding linker script <esp-idf>/components/esp_rom/esp32s3/ld/esp32s3.rom.newlib.ld
-- Adding linker script <esp-idf>/components/esp_rom/esp32s3/ld/esp32s3.rom.newlib.ld
-- Adding linker script <esp-idf>/components/bootloader/subproject/main/ld/esp32s3/bootloader.ld
-- Adding linker script <esp-idf>/components/bootloader/subproject/main/ld/esp32s3/bootloader.rom.ld
-- Components: bootloader bootloader_support efuse esp_app_format esp_bootloader_format esp_common esp_hw_support esp_rom esp_security esp_system esptool_py freertos hal log main micro-ecc newlib partition_table soc spi_flash xtensa
-- Component paths: <esp-idf>/components/bootloader <esp-idf>/components/bootloader_support <esp-idf>/components/efuse <esp-idf>/components/esp_app_format <esp-idf>/components/esp_bootloader_format <esp-idf>/components/esp_common <esp-idf>/components/esp_hw_support <esp-idf>/components/esp_rom <esp-idf>/components/esp_security <esp-idf>/components/esp_system <esp-idf>/components/esptool_py <esp-idf>/components/freertos <esp-idf>/components/hal <esp-idf>/components/log <esp-idf>/components/bootloader/subproject/main <esp-idf>/components/bootloader/subproject/components/micro-ecc <esp-idf>/components/newlib <esp-idf>/components/partition_table <esp-idf>/components/soc <esp-idf>/components/spi_flash <esp-idf>/components/xtensa
-- Configuring done (2.4s)
-- Generating done (0.1s)
-- Build files have been written to: <repo>/build/sensor/bootloader
[1/2] cd <repo>/build/sensor/bootloader/esp-idf/esptool_py && <idf-python-env>/bin/python <esp-idf>/components/partition_table/check_sizes.py --offset 0x8000 bootloader 0x0 <repo>/build/sensor/bootloader/bootloader.bin
Bootloader binary size 0x51d0 bytes. 0x2e30 bytes (36%) free.
[13/19] No install step for 'bootloader'
[14/19] Completed 'bootloader'
[15/19] Generating ld/sections.ld
[16/19] Linking CXX executable eventguard.elf
[17/19] Generating binary image from built executable
esptool.py v4.12.0
Creating esp32s3 image...
Merged 2 ELF sections
Successfully created esp32s3 image.
Generated <repo>/build/sensor/eventguard.bin
[18/19] cd <repo>/build/sensor/esp-idf/esptool_py && <idf-python-env>/bin/python <esp-idf>/components/partition_table/check_sizes.py --offset 0x8000 partition --type app <repo>/build/sensor/partition_table/partition-table.bin <repo>/build/sensor/eventguard.bin
eventguard.bin binary size 0x441b0 bytes. Smallest app partition is 0x100000 bytes. 0xbbe50 bytes (73%) free.

Project build complete. To flash, run:
 idf.py flash
or
 idf.py -p PORT flash
or
 python -m esptool --chip esp32s3 -b 460800 --before default_reset --after hard_reset write_flash --flash_mode dio --flash_size 16MB --flash_freq 80m 0x0 build/sensor/bootloader/bootloader.bin 0x8000 build/sensor/partition_table/partition-table.bin 0x10000 build/sensor/eventguard.bin
or from the "<repo>/build/sensor" directory
 python -m esptool --chip esp32s3 -b 460800 --before default_reset --after hard_reset write_flash "@flash_args"
