Executing action: flash
Running ninja in directory <repo>/build/sensor
Executing "ninja flash"...
[1/5] cd <repo>/build/sensor/esp-idf/esptool_py && <idf-python-env>/bin/python <esp-idf>/components/partition_table/check_sizes.py --offset 0x8000 partition --type app <repo>/build/sensor/partition_table/partition-table.bin <repo>/build/sensor/eventguard.bin
eventguard.bin binary size 0x43b80 bytes. Smallest app partition is 0x100000 bytes. 0xbc480 bytes (74%) free.
[2/5] Performing build step for 'bootloader'
[1/1] cd <repo>/build/sensor/bootloader/esp-idf/esptool_py && <idf-python-env>/bin/python <esp-idf>/components/partition_table/check_sizes.py --offset 0x8000 bootloader 0x0 <repo>/build/sensor/bootloader/bootloader.bin
Bootloader binary size 0x51d0 bytes. 0x2e30 bytes (36%) free.
[3/5] No install step for 'bootloader'
[4/5] Completed 'bootloader'
[4/5] cd <esp-idf>/components/esptool_py && <cmake> -D IDF_PATH=<esp-idf> -D "SERIAL_TOOL=<idf-python-env>/bin/python;;<esp-idf>/components/esptool_py/esptool/esptool.py;--chip;esp32s3" -D "SERIAL_TOOL_ARGS=--before=default_reset;--after=hard_reset;write_flash;@flash_args" -D WORKING_DIRECTORY=<repo>/build/sensor -P <esp-idf>/components/esptool_py/run_serial_tool.cmake
esptool.py --chip esp32s3 -p /dev/cu.usbmodem101 -b 460800 --before=default_reset --after=hard_reset write_flash --flash_mode dio --flash_freq 80m --flash_size 16MB 0x0 bootloader/bootloader.bin 0x10000 eventguard.bin 0x8000 partition_table/partition-table.bin
esptool.py v4.12.0
Serial port /dev/cu.usbmodem101
Connecting...
Chip is ESP32-S3 (QFN56) (revision v0.2)
Features: WiFi, BLE, Embedded PSRAM 8MB (AP_3v3)
Crystal is 40MHz
USB mode: USB-Serial/JTAG
MAC: 80:65:99:a7:a8:a4
Uploading stub...
Running stub...
Stub running...
Changing baud rate to 460800
Changed.
Configuring flash size...
Flash will be erased from 0x00000000 to 0x00005fff...
Flash will be erased from 0x00010000 to 0x00053fff...
Flash will be erased from 0x00008000 to 0x00008fff...
SHA digest in image updated
Compressed 20944 bytes to 13315...
Writing at 0x00000000... (100 %)
Wrote 20944 bytes (13315 compressed) at 0x00000000 in 0.3 seconds (effective 566.0 kbit/s)...
Hash of data verified.
Compressed 277376 bytes to 150505...
Writing at 0x00010000... (10 %)
Writing at 0x0001c089... (20 %)
Writing at 0x000242c9... (30 %)
Writing at 0x0002a782... (40 %)
Writing at 0x00030e9e... (50 %)
Writing at 0x00037136... (60 %)
Writing at 0x0003fcb7... (70 %)
Writing at 0x0004613b... (80 %)
Writing at 0x0004bf28... (90 %)
Writing at 0x00052470... (100 %)
Wrote 277376 bytes (150505 compressed) at 0x00010000 in 1.9 seconds (effective 1145.6 kbit/s)...
Hash of data verified.
Compressed 3072 bytes to 103...
Writing at 0x00008000... (100 %)
Wrote 3072 bytes (103 compressed) at 0x00008000 in 0.1 seconds (effective 464.1 kbit/s)...
Hash of data verified.

Leaving...
Hard resetting via RTS pin...
Done
